Found 3 circular dependencies:

Circular Dependency 1:
 ➞ /src/standard/a.ts (cycle start)
  ➞ /src/standard/b.ts ('./b')
   ➞ /src/standard/a.ts ('./a')

Circular Dependency 2:
 ➞ /src/paths/start.ts (cycle start)
  ➞ /src/paths/end.ts ('@path-cycle/end')
   ➞ /src/paths/start.ts ('./start')

Circular Dependency 3:
 ➞ /src/types/type-a.ts (cycle start)
  ➞ /src/types/type-b.ts ('./type-b')
   ➞ /src/types/type-a.ts ('./type-a')

