../fileDirTheSameName.ts
../parseIMports600Loc.ts
../parseImports.ts
index.ts
moduleSrc/fileA.tsx
src/fileDirTheSameName.ts
src/fileDirTheSameName/index.ts
src/importFileWithSamePathAsNodeModule.ts
src/importFileWithTheSameNameAsDir.ts
src/importFileWithTheSameNameAsDirOutsideCwd.ts
src/importNestedFile.ts
src/nested/deeplynested/file.ts
src/types.ts
