global.d.ts
index.ts
lodash/file.ts
moduleSrc/anotherFileForCycle.js
moduleSrc/fileA.tsx
moduleSrc/fileForCycle.ts
moduleSrc/oneMoreFileForCycle.tsx
script.js
src/fileDirTheSameName/index.ts
src/fileDirTheSameName.ts
src/importFileA.ts
src/importFileWithSamePathAsNodeModule.ts
src/importFileWithTheSameNameAsDir.ts
src/importFileWithTheSameNameAsDirOutsideCwd.ts
src/importNestedFile.ts
src/nested/deeplynested/file.ts
src/nodeModules.ts
src/types.ts
